[SNIPER DEBUG] 2026-06-26 10:04:35
1. KETEMU NAMA USER: 'Mila Store
SN'
❌ ERROR: NAMA 'Mila Store
SN' TIDAK ADA DI TABEL USERS!
------------------------
[SNIPER DEBUG] 2026-06-26 12:14:10
1. KETEMU NAMA USER: 'AjiStore'
2. KETEMU WA (VIA USER): 182394963365934
4. MENEMBAK KE NODE.JS: 182394963365934
5. BALASAN NODE.JS: {"status":true}
------------------------
[SNIPER DEBUG] 2026-06-26 12:27:04
1. KETEMU NAMA USER: 'AjiStore'
2. KETEMU WA (VIA USER): 182394963365934
4. MENEMBAK KE NODE.JS: 182394963365934
5. BALASAN NODE.JS: {"status":true}
------------------------
[SNIPER DEBUG] 2026-06-26 12:48:48
1. KETEMU NAMA USER: 'AjiStore
SN'
❌ ERROR: NAMA 'AjiStore
SN' TIDAK ADA DI TABEL USERS!
------------------------
[SNIPER DEBUG] 2026-06-26 12:53:00
1. KETEMU NAMA USER: 'AjiStore
SN'
❌ ERROR: NAMA 'AjiStore
SN' TIDAK ADA DI TABEL USERS!
------------------------
[SNIPER DEBUG] 2026-06-26 15:30:01
1. KETEMU NAMA USER: 'yuliyanto uzumaki
SN'
❌ ERROR: NAMA 'yuliyanto uzumaki
SN' TIDAK ADA DI TABEL USERS!
------------------------
[SNIPER FINAL] 2026-06-26 15:47:35
1. KETEMU NAMA USER: 'Amdk'
2. KETEMU WA (VIA USER): 225804080390368
4. MENEMBAK KE NODE.JS: 225804080390368
5. BALASAN NODE.JS: {"status":true}
------------------------
[SNIPER FINAL] 2026-06-26 17:19:49
1. KETEMU NAMA USER: 'Amdk'
2. KETEMU WA (VIA USER): 225804080390368
4. MENEMBAK KE NODE.JS: 225804080390368
5. BALASAN NODE.JS: {"status":true}
------------------------
[SNIPER FINAL] 2026-06-26 17:22:22
1. KETEMU NAMA USER: 'Amdk'
2. KETEMU WA (VIA USER): 225804080390368
4. MENEMBAK KE NODE.JS: 225804080390368
5. BALASAN NODE.JS: {"status":true}
------------------------
[SNIPER FINAL] 2026-06-26 17:24:54
1. KETEMU NAMA USER: 'Amdk'
2. KETEMU WA (VIA USER): 225804080390368
4. MENEMBAK KE NODE.JS: 225804080390368
5. BALASAN NODE.JS: {"status":true}
------------------------
[SNIPER FINAL] 2026-06-26 18:27:09
1. KETEMU NAMA USER: 'Mawar Cell'
2. KETEMU WA (VIA USER): 277404052410434
4. MENEMBAK KE NODE.JS: 277404052410434
5. BALASAN NODE.JS: {"status":true}
------------------------
[SNIPER FINAL] 2026-06-26 18:31:14
1. KETEMU NAMA USER: 'Mila Store'
2. KETEMU WA (VIA USER): 83004990951497
4. MENEMBAK KE NODE.JS: 83004990951497
5. BALASAN NODE.JS: {"status":true}
------------------------
[SNIPER FINAL] 2026-06-26 19:08:44
1. KETEMU NAMA USER: 'Mila Store'
2. KETEMU WA (VIA USER): 83004990951497
4. MENEMBAK KE NODE.JS: 83004990951497
5. BALASAN NODE.JS: {"status":true}
------------------------
[SNIPER FINAL] 2026-06-26 19:55:47
1. KETEMU NAMA USER: 'Amdk'
2. KETEMU WA (VIA USER): 225804080390368
4. MENEMBAK KE NODE.JS: 225804080390368
5. BALASAN NODE.JS: {"status":true}
------------------------
[SNIPER FINAL] 2026-06-27 05:19:15
1. KETEMU NAMA USER: 'Nikris'
2. KETEMU WA (VIA USER): 085933237492
4. MENEMBAK KE NODE.JS: 6285933237492
5. BALASAN NODE.JS: {"status":true}
------------------------
[SNIPER FINAL] 2026-06-27 05:35:33
1. KETEMU NAMA USER: 'Dimas Fahri Muhamad Indra'
2. KETEMU WA (VIA USER): 
------------------------
[SNIPER FINAL] 2026-06-27 06:08:43
1. KETEMU NAMA USER: 'Amdk'
2. KETEMU WA (VIA USER): 225804080390368
4. MENEMBAK KE NODE.JS: 225804080390368
5. BALASAN NODE.JS: {"status":true}
------------------------
[SNIPER FINAL] 2026-06-27 06:09:09
1. KETEMU NAMA USER: 'coba bot ku'
2. KETEMU WA (VIA USER): 58163168559326
4. MENEMBAK KE NODE.JS: 58163168559326
5. BALASAN NODE.JS: {"status":true}
------------------------
[SNIPER FINAL] 2026-06-27 06:16:23
1. KETEMU NAMA USER: 'Nikris'
2. KETEMU WA (VIA USER): 085933237492
4. MENEMBAK KE NODE.JS: 6285933237492
5. BALASAN NODE.JS: {"status":true}
------------------------
[SNIPER FINAL] 2026-06-27 06:35:53
1. KETEMU NAMA USER: 'coba bot ku'
2. KETEMU WA (VIA USER): 58163168559326
4. MENEMBAK KE NODE.JS: 58163168559326
5. BALASAN NODE.JS: {"status":true}
------------------------
[SNIPER FINAL] 2026-06-27 06:45:16
1. KETEMU NAMA USER: 'coba bot ku'
2. KETEMU WA (VIA USER): 58163168559326
4. MENEMBAK KE NODE.JS: 58163168559326
5. BALASAN NODE.JS: {"status":true}
------------------------
[SNIPER FINAL] 2026-06-27 06:57:06
1. KETEMU NAMA USER: 'coba bot ku'
2. KETEMU WA (VIA USER): 58163168559326
4. MENEMBAK KE NODE.JS: 58163168559326
5. BALASAN NODE.JS: {"status":true}
------------------------
[SNIPER FINAL] 2026-06-27 07:01:15
1. KETEMU NAMA USER: 'Sihas Cell'
2. KETEMU WA (VIA USER): 116814688301066
4. MENEMBAK KE NODE.JS: 116814688301066
5. BALASAN NODE.JS: {"status":true}
------------------------
[SNIPER FINAL] 2026-06-27 07:04:27
1. KETEMU NAMA USER: 'coba bot ku'
2. KETEMU WA (VIA USER): 58163168559326
4. MENEMBAK KE NODE.JS: 58163168559326
5. BALASAN NODE.JS: {"status":true}
------------------------
[SNIPER FINAL] 2026-06-27 07:05:24
1. KETEMU NAMA USER: 'coba bot ku'
2. KETEMU WA (VIA USER): 58163168559326
4. MENEMBAK KE NODE.JS: 58163168559326
5. BALASAN NODE.JS: {"status":true}
------------------------
[SNIPER FINAL] 2026-06-27 07:07:11
1. KETEMU NAMA USER: 'coba bot ku'
2. KETEMU WA (VIA USER): 58163168559326
4. MENEMBAK KE NODE.JS: 58163168559326
5. BALASAN NODE.JS: {"status":true}
------------------------
[SNIPER FINAL] 2026-06-27 07:08:53
1. KETEMU NAMA USER: 'coba bot ku'
2. KETEMU WA (VIA USER): 58163168559326
4. MENEMBAK KE NODE.JS: 58163168559326
5. BALASAN NODE.JS: {"status":true}
------------------------
[SNIPER FINAL] 2026-06-27 07:08:53
1. KETEMU NAMA USER: 'Nadila Nurfitrih'
2. KETEMU WA (VIA USER): 082347511293
4. MENEMBAK KE NODE.JS: 6282347511293
5. BALASAN NODE.JS: {"status":true}
------------------------
[SNIPER FINAL] 2026-06-27 07:39:11
1. KETEMU NAMA USER: 'Amdk'
2. KETEMU WA (VIA USER): 225804080390368
4. MENEMBAK KE NODE.JS: 225804080390368
5. BALASAN NODE.JS: {"status":true}
------------------------
[SNIPER FINAL] 2026-06-27 08:16:41
1. KETEMU NAMA USER: 'Nadila Nurfitrih'
2. KETEMU WA (VIA USER): 082347511293
4. MENEMBAK KE NODE.JS: 6282347511293
5. BALASAN NODE.JS: {"status":true}
------------------------
[SNIPER FINAL] 2026-06-27 08:36:46
1. KETEMU NAMA USER: 'Nikris'
2. KETEMU WA (VIA USER): 085933237492
4. MENEMBAK KE NODE.JS: 6285933237492
5. BALASAN NODE.JS: {"status":true}
------------------------
[SNIPER FINAL] 2026-06-27 08:56:30
1. KETEMU NAMA USER: 'Nadila Nurfitrih'
2. KETEMU WA (VIA USER): 082347511293
4. MENEMBAK KE NODE.JS: 6282347511293
5. BALASAN NODE.JS: {"status":true}
------------------------
[SNIPER FINAL] 2026-06-27 08:59:08
1. KETEMU NAMA USER: 'Nadila Nurfitrih'
2. KETEMU WA (VIA USER): 082347511293
4. MENEMBAK KE NODE.JS: 6282347511293
5. BALASAN NODE.JS: {"status":true}
------------------------
[SNIPER FINAL] 2026-06-27 09:29:07
1. KETEMU NAMA USER: 'Amdk'
2. KETEMU WA (VIA USER): 225804080390368
4. MENEMBAK KE NODE.JS: 225804080390368
5. BALASAN NODE.JS: {"status":true}
------------------------
[SNIPER FINAL] 2026-06-27 14:29:24
1. KETEMU NAMA USER: 'Amdk'
2. KETEMU WA (VIA USER): 225804080390368
4. MENEMBAK KE NODE.JS: 225804080390368
5. BALASAN NODE.JS: {"status":true}
------------------------
[SNIPER FINAL] 2026-06-28 05:55:24
1. KETEMU NAMA USER: 'Nurfadilah'
2. KETEMU WA (VIA USER): 182562232217614
4. MENEMBAK KE NODE.JS: 182562232217614
5. BALASAN NODE.JS: {"status":true}
------------------------
[SNIPER FINAL] 2026-06-28 06:02:42
1. KETEMU NAMA USER: 'Dimas Fahri Muhamad Indra'
2. KETEMU WA (VIA USER): 
------------------------
[SNIPER FINAL] 2026-06-28 06:03:07
1. KETEMU NAMA USER: 'Mila Store'
2. KETEMU WA (VIA USER): 83004990951497
4. MENEMBAK KE NODE.JS: 83004990951497
5. BALASAN NODE.JS: {"status":true}
------------------------
[SNIPER FINAL] 2026-06-28 06:45:52
1. KETEMU NAMA USER: 'Mawar Cell'
2. KETEMU WA (VIA USER): 277404052410434
4. MENEMBAK KE NODE.JS: 277404052410434
5. BALASAN NODE.JS: {"status":true}
------------------------
[SNIPER FINAL] 2026-06-28 08:04:17
1. KETEMU NAMA USER: 'Mawar Cell'
2. KETEMU WA (VIA USER): 277404052410434
4. MENEMBAK KE NODE.JS: 277404052410434
5. BALASAN NODE.JS: {"status":true}
------------------------
[SNIPER FINAL] 2026-06-28 08:27:33
1. KETEMU NAMA USER: 'Sihas Cell'
2. KETEMU WA (VIA USER): 116814688301066
4. MENEMBAK KE NODE.JS: 116814688301066
5. BALASAN NODE.JS: {"status":true}
------------------------
[SNIPER FINAL] 2026-06-28 08:51:26
1. KETEMU NAMA USER: 'Elsa Sha'
2. KETEMU WA (VIA USER): 234840708395210
4. MENEMBAK KE NODE.JS: 234840708395210
5. BALASAN NODE.JS: {"status":true}
------------------------
[SNIPER FINAL] 2026-06-28 09:21:45
1. KETEMU NAMA USER: 'Jeshh'
2. KETEMU WA (VIA USER): 087836416718
4. MENEMBAK KE NODE.JS: 6287836416718
5. BALASAN NODE.JS: {"status":true}
------------------------
[SNIPER FINAL] 2026-06-28 12:12:34
1. KETEMU NAMA USER: 'Sihas Cell'
2. KETEMU WA (VIA USER): 116814688301066
4. MENEMBAK KE NODE.JS: 116814688301066
5. BALASAN NODE.JS: {"status":true}
------------------------
[SNIPER FINAL] 2026-06-28 12:46:43
1. KETEMU NAMA USER: 'Sihas Cell'
2. KETEMU WA (VIA USER): 116814688301066
4. MENEMBAK KE NODE.JS: 116814688301066
5. BALASAN NODE.JS: {"status":true}
------------------------
[SNIPER FINAL] 2026-06-28 13:22:54
1. KETEMU NAMA USER: 'Mawar Cell'
2. KETEMU WA (VIA USER): 277404052410434
4. MENEMBAK KE NODE.JS: 277404052410434
5. BALASAN NODE.JS: {"status":true}
------------------------
[SNIPER FINAL] 2026-06-28 15:16:07
1. KETEMU NAMA USER: 'Elsa Sha'
2. KETEMU WA (VIA USER): 234840708395210
4. MENEMBAK KE NODE.JS: 234840708395210
5. BALASAN NODE.JS: {"status":true}
------------------------
[SNIPER FINAL] 2026-06-28 15:27:07
1. KETEMU NAMA USER: 'Mila Store'
2. KETEMU WA (VIA USER): 83004990951497
4. MENEMBAK KE NODE.JS: 83004990951497
5. BALASAN NODE.JS: {"status":true}
------------------------
[SNIPER FINAL] 2026-06-28 15:33:04
1. KETEMU NAMA USER: 'Mila Store'
2. KETEMU WA (VIA USER): 83004990951497
4. MENEMBAK KE NODE.JS: 83004990951497
5. BALASAN NODE.JS: {"status":true}
------------------------
[SNIPER FINAL] 2026-06-28 15:55:08
1. KETEMU NAMA USER: 'Nadila Nurfitrih'
2. KETEMU WA (VIA USER): 082347511293
4. MENEMBAK KE NODE.JS: 6282347511293
5. BALASAN NODE.JS: {"status":true}
------------------------
[SNIPER FINAL] 2026-06-28 18:22:50
1. KETEMU NAMA USER: 'Amdk'
2. KETEMU WA (VIA USER): 225804080390368
4. MENEMBAK KE NODE.JS: 225804080390368
5. BALASAN NODE.JS: {"status":true}
------------------------
[SNIPER FINAL] 2026-06-28 20:43:10
1. KETEMU NAMA USER: 'Mila Store'
2. KETEMU WA (VIA USER): 83004990951497
4. MENEMBAK KE NODE.JS: 83004990951497
5. BALASAN NODE.JS: {"status":true}
------------------------
[SNIPER FINAL] 2026-06-29 05:07:34
1. KETEMU NAMA USER: 'Mawar Cell'
2. KETEMU WA (VIA USER): 277404052410434
4. MENEMBAK KE NODE.JS: 277404052410434
5. BALASAN NODE.JS: {"status":true}
------------------------
[SNIPER FINAL] 2026-06-29 05:08:03
1. KETEMU NAMA USER: 'Mawar Cell'
2. KETEMU WA (VIA USER): 277404052410434
4. MENEMBAK KE NODE.JS: 277404052410434
5. BALASAN NODE.JS: {"status":true}
------------------------
[SNIPER FINAL] 2026-06-29 05:23:01
1. KETEMU NAMA USER: 'Mawar Cell'
2. KETEMU WA (VIA USER): 277404052410434
4. MENEMBAK KE NODE.JS: 277404052410434
5. BALASAN NODE.JS: {"status":true}
------------------------
[SNIPER FINAL] 2026-06-29 05:57:29
1. KETEMU NAMA USER: 'Mawar Cell'
2. KETEMU WA (VIA USER): 277404052410434
4. MENEMBAK KE NODE.JS: 277404052410434
5. BALASAN NODE.JS: {"status":true}
------------------------
[SNIPER FINAL] 2026-06-29 06:24:43
1. KETEMU NAMA USER: 'Mawar Cell'
2. KETEMU WA (VIA USER): 277404052410434
4. MENEMBAK KE NODE.JS: 277404052410434
5. BALASAN NODE.JS: {"status":true}
------------------------
[SNIPER FINAL] 2026-06-29 07:20:12
1. KETEMU NAMA USER: 'Mila Store'
2. KETEMU WA (VIA USER): 83004990951497
4. MENEMBAK KE NODE.JS: 83004990951497
5. BALASAN NODE.JS: {"status":true}
------------------------
[SNIPER FINAL] 2026-06-29 08:07:07
1. KETEMU NAMA USER: 'Nikris'
2. KETEMU WA (VIA USER): 085933237492
4. MENEMBAK KE NODE.JS: 6285933237492
5. BALASAN NODE.JS: {"status":true}
------------------------
[SNIPER FINAL] 2026-06-29 09:36:41
1. KETEMU NAMA USER: 'Mawar Cell'
2. KETEMU WA (VIA USER): 277404052410434
4. MENEMBAK KE NODE.JS: 277404052410434
5. BALASAN NODE.JS: {"status":true}
------------------------
[SNIPER FINAL] 2026-06-29 09:42:02
1. KETEMU NAMA USER: 'Mawar Cell'
2. KETEMU WA (VIA USER): 277404052410434
4. MENEMBAK KE NODE.JS: 277404052410434
5. BALASAN NODE.JS: {"status":true}
------------------------
[SNIPER FINAL] 2026-06-29 09:43:23
1. KETEMU NAMA USER: 'Mawar Cell'
2. KETEMU WA (VIA USER): 277404052410434
4. MENEMBAK KE NODE.JS: 277404052410434
5. BALASAN NODE.JS: {"status":true}
------------------------
[SNIPER FINAL] 2026-06-29 10:23:00
1. KETEMU NAMA USER: 'Mila Store'
2. KETEMU WA (VIA USER): 83004990951497
4. MENEMBAK KE NODE.JS: 83004990951497
5. BALASAN NODE.JS: {"status":true}
------------------------
[SNIPER FINAL] 2026-06-29 10:25:49
1. KETEMU NAMA USER: 'Reza'
2. KETEMU WA (VIA USER): 273929272877110
4. MENEMBAK KE NODE.JS: 273929272877110
5. BALASAN NODE.JS: {"status":true}
------------------------
[SNIPER FINAL] 2026-06-29 11:19:28
1. KETEMU NAMA USER: 'Jeshh'
2. KETEMU WA (VIA USER): 087836416718
4. MENEMBAK KE NODE.JS: 6287836416718
5. BALASAN NODE.JS: {"status":true}
------------------------
[SNIPER FINAL] 2026-06-29 12:12:26
1. KETEMU NAMA USER: 'Amdk'
2. KETEMU WA (VIA USER): 225804080390368
4. MENEMBAK KE NODE.JS: 225804080390368
5. BALASAN NODE.JS: {"status":true}
------------------------
[SNIPER FINAL] 2026-06-29 14:34:27
1. KETEMU NAMA USER: 'Mila Store'
2. KETEMU WA (VIA USER): 83004990951497
4. MENEMBAK KE NODE.JS: 83004990951497
5. BALASAN NODE.JS: {"status":true}
------------------------
[SNIPER FINAL] 2026-06-29 15:16:31
1. KETEMU NAMA USER: 'Nadila Nurfitrih'
2. KETEMU WA (VIA USER): 082347511293
4. MENEMBAK KE NODE.JS: 6282347511293
5. BALASAN NODE.JS: {"status":true}
------------------------
[SNIPER FINAL] 2026-06-29 17:36:53
1. KETEMU NAMA USER: 'Mawar Cell'
2. KETEMU WA (VIA USER): 277404052410434
4. MENEMBAK KE NODE.JS: 277404052410434
5. BALASAN NODE.JS: {"status":true}
------------------------
[SNIPER FINAL] 2026-06-29 17:59:44
1. KETEMU NAMA USER: 'Nikris'
2. KETEMU WA (VIA USER): 085933237492
4. MENEMBAK KE NODE.JS: 6285933237492
5. BALASAN NODE.JS: {"status":true}
------------------------
[SNIPER FINAL] 2026-06-29 21:00:23
1. KETEMU NAMA USER: 'Mawar Cell'
2. KETEMU WA (VIA USER): 277404052410434
4. MENEMBAK KE NODE.JS: 277404052410434
5. BALASAN NODE.JS: {"status":true}
------------------------
[SNIPER FINAL] 2026-06-30 06:50:13
1. KETEMU NAMA USER: 'Mawar Cell'
2. KETEMU WA (VIA USER): 277404052410434
4. MENEMBAK KE NODE.JS: 277404052410434
5. BALASAN NODE.JS: {"status":true}
------------------------
[SNIPER FINAL] 2026-06-30 07:14:00
1. KETEMU NAMA USER: 'Aminah'
2. KETEMU WA (VIA USER): 
------------------------
[SNIPER FINAL] 2026-06-30 10:50:43
1. KETEMU NAMA USER: 'Nadila Nurfitrih'
2. KETEMU WA (VIA USER): 082347511293
4. MENEMBAK KE NODE.JS: 6282347511293
5. BALASAN NODE.JS: {"status":true}
------------------------
[SNIPER FINAL] 2026-06-30 12:14:42
1. KETEMU NAMA USER: 'Mawar Cell'
2. KETEMU WA (VIA USER): 277404052410434
4. MENEMBAK KE NODE.JS: 277404052410434
5. BALASAN NODE.JS: {"status":true}
------------------------
[SNIPER FINAL] 2026-06-30 12:17:36
1. KETEMU NAMA USER: 'Mila Store'
2. KETEMU WA (VIA USER): 83004990951497
4. MENEMBAK KE NODE.JS: 83004990951497
5. BALASAN NODE.JS: {"status":true}
------------------------
[SNIPER FINAL] 2026-06-30 16:19:07
1. KETEMU NAMA USER: 'Amdk'
2. KETEMU WA (VIA USER): 225804080390368
4. MENEMBAK KE NODE.JS: 225804080390368
5. BALASAN NODE.JS: {"status":true}
------------------------
[SNIPER FINAL] 2026-06-30 17:07:40
1. KETEMU NAMA USER: 'yuliyanto uzumaki'
2. KETEMU WA (VIA USER): 
------------------------
[SNIPER FINAL] 2026-06-30 19:42:15
1. KETEMU NAMA USER: 'Mawar Cell'
2. KETEMU WA (VIA USER): 277404052410434
4. MENEMBAK KE NODE.JS: 277404052410434
5. BALASAN NODE.JS: {"status":true}
------------------------
[SNIPER FINAL] 2026-06-30 22:21:45
1. KETEMU NAMA USER: 'Muhammad Thoha'
2. KETEMU WA (VIA USER): 
------------------------
[SNIPER FINAL] 2026-07-01 05:22:17
1. KETEMU NAMA USER: 'AjiStore'
2. KETEMU WA (VIA USER): 182394963365934
4. MENEMBAK KE NODE.JS: 182394963365934
5. BALASAN NODE.JS: {"status":true}
------------------------
[SNIPER FINAL] 2026-07-01 06:13:34
1. KETEMU NAMA USER: 'MhmdSirrulAmin'
2. KETEMU WA (VIA USER): 213108358426719
4. MENEMBAK KE NODE.JS: 213108358426719
5. BALASAN NODE.JS: {"status":true}
------------------------
[SNIPER FINAL] 2026-07-01 07:31:57
1. KETEMU NAMA USER: 'Mila Store'
2. KETEMU WA (VIA USER): 83004990951497
4. MENEMBAK KE NODE.JS: 83004990951497
5. BALASAN NODE.JS: {"status":true}
------------------------
[SNIPER FINAL] 2026-07-01 08:58:45
1. KETEMU NAMA USER: 'Mawar Cell'
2. KETEMU WA (VIA USER): 277404052410434
4. MENEMBAK KE NODE.JS: 277404052410434
5. BALASAN NODE.JS: {"status":true}
------------------------
[SNIPER FINAL] 2026-07-01 09:42:08
1. KETEMU NAMA USER: 'Member_33'
2. KETEMU WA (VIA USER): 087874136883
4. MENEMBAK KE NODE.JS: 6287874136883
5. BALASAN NODE.JS: {"status":true}
------------------------
[SNIPER FINAL] 2026-07-01 10:01:49
1. KETEMU NAMA USER: 'Member_33'
2. KETEMU WA (VIA USER): 087874136883
4. MENEMBAK KE NODE.JS: 6287874136883
5. BALASAN NODE.JS: {"status":true}
------------------------
[SNIPER FINAL] 2026-07-01 10:44:26
1. KETEMU NAMA USER: 'Nadila Nurfitrih'
2. KETEMU WA (VIA USER): 082347511293
4. MENEMBAK KE NODE.JS: 6282347511293
5. BALASAN NODE.JS: {"status":true}
------------------------
[SNIPER FINAL] 2026-07-01 11:44:50
1. KETEMU NAMA USER: 'Fia'
2. KETEMU WA (VIA USER): 08976983861
4. MENEMBAK KE NODE.JS: 628976983861
5. BALASAN NODE.JS: {"status":true}
------------------------
[SNIPER FINAL] 2026-07-01 13:13:42
1. KETEMU NAMA USER: 'Mawar Cell'
2. KETEMU WA (VIA USER): 277404052410434
4. MENEMBAK KE NODE.JS: 277404052410434
5. BALASAN NODE.JS: {"status":true}
------------------------
[SNIPER FINAL] 2026-07-01 15:17:13
1. KETEMU NAMA USER: 'Nadila Nurfitrih'
2. KETEMU WA (VIA USER): 082347511293
4. MENEMBAK KE NODE.JS: 6282347511293
5. BALASAN NODE.JS: {"status":true}
------------------------
[SNIPER FINAL] 2026-07-02 04:47:09
1. KETEMU NAMA USER: 'Mawar Cell'
2. KETEMU WA (VIA USER): 277404052410434
4. MENEMBAK KE NODE.JS: 277404052410434
5. BALASAN NODE.JS: {"status":true}
------------------------
[SNIPER FINAL] 2026-07-02 04:47:10
1. KETEMU NAMA USER: 'Mawar Cell'
2. KETEMU WA (VIA USER): 277404052410434
4. MENEMBAK KE NODE.JS: 277404052410434
5. BALASAN NODE.JS: {"status":true}
------------------------
[SNIPER FINAL] 2026-07-02 04:47:27
1. KETEMU NAMA USER: 'Mila Store'
2. KETEMU WA (VIA USER): 83004990951497
4. MENEMBAK KE NODE.JS: 83004990951497
5. BALASAN NODE.JS: {"status":true}
------------------------
[SNIPER FINAL] 2026-07-02 04:47:31
1. KETEMU NAMA USER: 'Nadila Nurfitrih'
2. KETEMU WA (VIA USER): 082347511293
4. MENEMBAK KE NODE.JS: 6282347511293
5. BALASAN NODE.JS: {"status":true}
------------------------
[SNIPER FINAL] 2026-07-02 04:47:33
1. KETEMU NAMA USER: 'Mila Store'
2. KETEMU WA (VIA USER): 83004990951497
4. MENEMBAK KE NODE.JS: 83004990951497
5. BALASAN NODE.JS: {"status":true}
------------------------
[SNIPER FINAL] 2026-07-02 04:47:38
1. KETEMU NAMA USER: 'Mawar Cell'
2. KETEMU WA (VIA USER): 277404052410434
4. MENEMBAK KE NODE.JS: 277404052410434
5. BALASAN NODE.JS: {"status":true}
------------------------
[SNIPER FINAL] 2026-07-02 04:47:52
1. KETEMU NAMA USER: 'Mila Store'
2. KETEMU WA (VIA USER): 83004990951497
4. MENEMBAK KE NODE.JS: 83004990951497
5. BALASAN NODE.JS: {"status":true}
------------------------
[SNIPER FINAL] 2026-07-02 04:47:59
1. KETEMU NAMA USER: 'Mila Store'
2. KETEMU WA (VIA USER): 83004990951497
4. MENEMBAK KE NODE.JS: 83004990951497
5. BALASAN NODE.JS: {"status":true}
------------------------
[SNIPER FINAL] 2026-07-02 05:02:49
1. KETEMU NAMA USER: 'Mila Store'
2. KETEMU WA (VIA USER): 83004990951497
4. MENEMBAK KE NODE.JS: 83004990951497
5. BALASAN NODE.JS: {"status":true}
------------------------
[SNIPER FINAL] 2026-07-02 05:50:08
1. KETEMU NAMA USER: 'Lutfi fakih'
2. KETEMU WA (VIA USER): 082137717752
4. MENEMBAK KE NODE.JS: 6282137717752
5. BALASAN NODE.JS: {"status":true}
------------------------
[SNIPER FINAL] 2026-07-02 05:51:56
1. KETEMU NAMA USER: 'Lutfi fakih'
2. KETEMU WA (VIA USER): 082137717752
4. MENEMBAK KE NODE.JS: 6282137717752
5. BALASAN NODE.JS: {"status":true}
------------------------
[SNIPER FINAL] 2026-07-02 06:23:33
1. KETEMU NAMA USER: 'Nadila Nurfitrih'
2. KETEMU WA (VIA USER): 082347511293
4. MENEMBAK KE NODE.JS: 6282347511293
5. BALASAN NODE.JS: {"status":true}
------------------------
[SNIPER FINAL] 2026-07-02 06:31:52
1. KETEMU NAMA USER: 'Mawar Cell'
2. KETEMU WA (VIA USER): 277404052410434
4. MENEMBAK KE NODE.JS: 277404052410434
5. BALASAN NODE.JS: {"status":true}
------------------------
[SNIPER FINAL] 2026-07-02 06:33:32
1. KETEMU NAMA USER: 'Nadila Nurfitrih'
2. KETEMU WA (VIA USER): 082347511293
4. MENEMBAK KE NODE.JS: 6282347511293
5. BALASAN NODE.JS: {"status":true}
------------------------
[SNIPER FINAL] 2026-07-02 06:54:26
1. KETEMU NAMA USER: 'Lutfi fakih'
2. KETEMU WA (VIA USER): 082137717752
4. MENEMBAK KE NODE.JS: 6282137717752
5. BALASAN NODE.JS: {"status":true}
------------------------
[SNIPER FINAL] 2026-07-02 06:56:38
1. KETEMU NAMA USER: 'Nadila Nurfitrih'
2. KETEMU WA (VIA USER): 082347511293
4. MENEMBAK KE NODE.JS: 6282347511293
5. BALASAN NODE.JS: {"status":true}
------------------------
[SNIPER FINAL] 2026-07-02 07:47:21
1. KETEMU NAMA USER: 'Mawar Cell'
2. KETEMU WA (VIA USER): 277404052410434
4. MENEMBAK KE NODE.JS: 277404052410434
5. BALASAN NODE.JS: {"status":true}
------------------------
[SNIPER FINAL] 2026-07-02 08:44:35
1. KETEMU NAMA USER: 'Mila Store'
2. KETEMU WA (VIA USER): 83004990951497
4. MENEMBAK KE NODE.JS: 83004990951497
5. BALASAN NODE.JS: {"status":true}
------------------------
[SNIPER FINAL] 2026-07-02 09:07:53
1. KETEMU NAMA USER: 'Mawar Cell'
2. KETEMU WA (VIA USER): 277404052410434
4. MENEMBAK KE NODE.JS: 277404052410434
5. BALASAN NODE.JS: {"status":true}
------------------------
[SNIPER FINAL] 2026-07-03 04:17:59
1. KETEMU NAMA USER: 'Mawar Cell'
2. KETEMU WA (VIA USER): 277404052410434
4. MENEMBAK KE NODE.JS: 277404052410434
5. BALASAN NODE.JS: {"status":true}
------------------------
[SNIPER FINAL] 2026-07-03 05:24:17
1. KETEMU NAMA USER: 'Mawar Cell'
2. KETEMU WA (VIA USER): 277404052410434
4. MENEMBAK KE NODE.JS: 277404052410434
5. BALASAN NODE.JS: {"status":true}
------------------------
[SNIPER FINAL] 2026-07-03 05:24:30
1. KETEMU NAMA USER: 'Mawar Cell'
2. KETEMU WA (VIA USER): 277404052410434
4. MENEMBAK KE NODE.JS: 277404052410434
5. BALASAN NODE.JS: {"status":true}
------------------------
[SNIPER FINAL] 2026-07-03 13:44:51
1. KETEMU NAMA USER: 'Mila Store'
2. KETEMU WA (VIA USER): 83004990951497
4. MENEMBAK KE NODE.JS: 83004990951497
5. BALASAN NODE.JS: {"status":true}
------------------------
[SNIPER FINAL] 2026-07-03 13:48:44
1. KETEMU NAMA USER: 'Mila Store'
2. KETEMU WA (VIA USER): 83004990951497
4. MENEMBAK KE NODE.JS: 83004990951497
5. BALASAN NODE.JS: {"status":true}
------------------------
[SNIPER FINAL] 2026-07-04 18:12:14
1. KETEMU NAMA USER: 'Mila Store'
2. KETEMU WA (VIA USER): 83004990951497
4. MENEMBAK KE NODE.JS: 83004990951497
5. BALASAN NODE.JS: {"status":true}
------------------------
[SNIPER FINAL] 2026-07-05 04:55:46
1. KETEMU NAMA USER: 'Mawar Cell'
2. KETEMU WA (VIA USER): 277404052410434
4. MENEMBAK KE NODE.JS: 277404052410434
5. BALASAN NODE.JS: {"status":true}
------------------------
[SNIPER FINAL] 2026-07-05 05:27:46
1. KETEMU NAMA USER: 'Mawar Cell'
2. KETEMU WA (VIA USER): 277404052410434
4. MENEMBAK KE NODE.JS: 277404052410434
5. BALASAN NODE.JS: {"status":true}
------------------------
[SNIPER FINAL] 2026-07-05 05:28:04
1. KETEMU NAMA USER: 'Jeshh'
2. KETEMU WA (VIA USER): 087836416718
4. MENEMBAK KE NODE.JS: 6287836416718
5. BALASAN NODE.JS: {"status":true}
------------------------
[SNIPER FINAL] 2026-07-05 06:13:39
1. KETEMU NAMA USER: 'Jeshh'
2. KETEMU WA (VIA USER): 087836416718
4. MENEMBAK KE NODE.JS: 6287836416718
5. BALASAN NODE.JS: {"status":true}
------------------------
[SNIPER FINAL] 2026-07-05 06:13:42
1. KETEMU NAMA USER: 'Nadila Nurfitrih'
2. KETEMU WA (VIA USER): 082347511293
4. MENEMBAK KE NODE.JS: 6282347511293
5. BALASAN NODE.JS: {"status":true}
------------------------
[SNIPER FINAL] 2026-07-05 06:15:57
1. KETEMU NAMA USER: 'Nadila Nurfitrih'
2. KETEMU WA (VIA USER): 082347511293
4. MENEMBAK KE NODE.JS: 6282347511293
5. BALASAN NODE.JS: {"status":true}
------------------------
[SNIPER FINAL] 2026-07-05 06:17:24
1. KETEMU NAMA USER: 'Nadila Nurfitrih'
2. KETEMU WA (VIA USER): 082347511293
4. MENEMBAK KE NODE.JS: 6282347511293
5. BALASAN NODE.JS: {"status":true}
------------------------
[SNIPER FINAL] 2026-07-05 06:22:20
1. KETEMU NAMA USER: 'Mawar Cell'
2. KETEMU WA (VIA USER): 277404052410434
4. MENEMBAK KE NODE.JS: 277404052410434
5. BALASAN NODE.JS: {"status":true}
------------------------
[SNIPER FINAL] 2026-07-05 06:31:27
1. KETEMU NAMA USER: 'Nyoman oktaviani'
2. KETEMU WA (VIA USER): 163771599331436
4. MENEMBAK KE NODE.JS: 163771599331436
5. BALASAN NODE.JS: {"status":true}
------------------------
[SNIPER FINAL] 2026-07-05 08:05:24
1. KETEMU NAMA USER: 'Irsyad'
2. KETEMU WA (VIA USER): 16948393959426
4. MENEMBAK KE NODE.JS: 16948393959426
5. BALASAN NODE.JS: {"status":true}
------------------------
[SNIPER FINAL] 2026-07-05 08:13:59
1. KETEMU NAMA USER: 'Nyoman oktaviani'
2. KETEMU WA (VIA USER): 163771599331436
4. MENEMBAK KE NODE.JS: 163771599331436
5. BALASAN NODE.JS: {"status":true}
------------------------
[SNIPER FINAL] 2026-07-05 08:47:44
1. KETEMU NAMA USER: 'Mawar Cell'
2. KETEMU WA (VIA USER): 277404052410434
4. MENEMBAK KE NODE.JS: 277404052410434
5. BALASAN NODE.JS: {"status":true}
------------------------
[SNIPER FINAL] 2026-07-05 09:51:23
1. KETEMU NAMA USER: 'Nyoman oktaviani'
2. KETEMU WA (VIA USER): 163771599331436
4. MENEMBAK KE NODE.JS: 163771599331436
5. BALASAN NODE.JS: {"status":true}
------------------------
[SNIPER FINAL] 2026-07-06 05:29:01
1. KETEMU NAMA USER: 'Mawar Cell'
2. KETEMU WA (VIA USER): 277404052410434
4. MENEMBAK KE NODE.JS: 277404052410434
5. BALASAN NODE.JS: {"status":true}
------------------------
[SNIPER FINAL] 2026-07-06 06:15:27
1. KETEMU NAMA USER: 'Mawar Cell'
2. KETEMU WA (VIA USER): 277404052410434
4. MENEMBAK KE NODE.JS: 277404052410434
5. BALASAN NODE.JS: {"status":true}
------------------------
[SNIPER FINAL] 2026-07-06 06:17:04
1. KETEMU NAMA USER: 'Mila Store'
2. KETEMU WA (VIA USER): 83004990951497
4. MENEMBAK KE NODE.JS: 83004990951497
5. BALASAN NODE.JS: {"status":true}
------------------------
[SNIPER FINAL] 2026-07-06 06:21:06
1. KETEMU NAMA USER: 'Dimas Fahri Muhamad Indra'
2. KETEMU WA (VIA USER): 
------------------------
[SNIPER FINAL] 2026-07-06 06:56:07
1. KETEMU NAMA USER: 'Nadila Nurfitrih'
2. KETEMU WA (VIA USER): 082347511293
4. MENEMBAK KE NODE.JS: 6282347511293
5. BALASAN NODE.JS: {"status":true}
------------------------
[SNIPER FINAL] 2026-07-06 07:11:36
1. KETEMU NAMA USER: 'Nadila Nurfitrih'
2. KETEMU WA (VIA USER): 082347511293
4. MENEMBAK KE NODE.JS: 6282347511293
5. BALASAN NODE.JS: {"status":true}
------------------------
[SNIPER FINAL] 2026-07-06 07:27:54
1. KETEMU NAMA USER: 'Mawar Cell'
2. KETEMU WA (VIA USER): 277404052410434
4. MENEMBAK KE NODE.JS: 277404052410434
5. BALASAN NODE.JS: {"status":true}
------------------------
[SNIPER FINAL] 2026-07-07 07:08:24
1. KETEMU NAMA USER: 'Nadila Nurfitrih'
2. KETEMU WA (VIA USER): 082347511293
4. MENEMBAK KE NODE.JS: 6282347511293
5. BALASAN NODE.JS: {"status":true}
------------------------
[SNIPER FINAL] 2026-07-07 07:10:10
1. KETEMU NAMA USER: 'Mawar Cell'
2. KETEMU WA (VIA USER): 277404052410434
4. MENEMBAK KE NODE.JS: 277404052410434
5. BALASAN NODE.JS: {"status":true}
------------------------
[SNIPER FINAL] 2026-07-07 07:10:21
1. KETEMU NAMA USER: 'Nadila Nurfitrih'
2. KETEMU WA (VIA USER): 082347511293
4. MENEMBAK KE NODE.JS: 6282347511293
5. BALASAN NODE.JS: {"status":true}
------------------------
[SNIPER FINAL] 2026-07-07 07:10:25
1. KETEMU NAMA USER: 'Mawar Cell'
2. KETEMU WA (VIA USER): 277404052410434
4. MENEMBAK KE NODE.JS: 277404052410434
5. BALASAN NODE.JS: {"status":true}
------------------------
[SNIPER FINAL] 2026-07-07 07:10:27
1. KETEMU NAMA USER: 'Mila Store'
2. KETEMU WA (VIA USER): 83004990951497
4. MENEMBAK KE NODE.JS: 83004990951497
5. BALASAN NODE.JS: {"status":true}
------------------------
[SNIPER FINAL] 2026-07-07 08:15:45
1. KETEMU NAMA USER: 'Nadila Nurfitrih'
2. KETEMU WA (VIA USER): 082347511293
4. MENEMBAK KE NODE.JS: 6282347511293
5. BALASAN NODE.JS: {"status":true}
------------------------
[SNIPER FINAL] 2026-07-07 10:39:29
1. KETEMU NAMA USER: 'Aljadugh Uye'
2. KETEMU WA (VIA USER): 085156532814
4. MENEMBAK KE NODE.JS: 6285156532814
5. BALASAN NODE.JS: {"status":true}
------------------------
[SNIPER FINAL] 2026-07-07 10:40:40
1. KETEMU NAMA USER: 'Aljadugh Uye'
2. KETEMU WA (VIA USER): 085156532814
4. MENEMBAK KE NODE.JS: 6285156532814
5. BALASAN NODE.JS: {"status":true}
------------------------
[SNIPER FINAL] 2026-07-07 18:15:03
1. KETEMU NAMA USER: 'Mawar Cell'
2. KETEMU WA (VIA USER): 277404052410434
4. MENEMBAK KE NODE.JS: 277404052410434
5. BALASAN NODE.JS: {"status":true}
------------------------
[SNIPER FINAL] 2026-07-08 06:10:48
1. KETEMU NAMA USER: 'Mawar Cell'
2. KETEMU WA (VIA USER): 277404052410434
4. MENEMBAK KE NODE.JS: 277404052410434
5. BALASAN NODE.JS: {"status":true}
------------------------
[SNIPER FINAL] 2026-07-08 06:10:48
1. KETEMU NAMA USER: 'Mila Store'
2. KETEMU WA (VIA USER): 83004990951497
4. MENEMBAK KE NODE.JS: 83004990951497
5. BALASAN NODE.JS: {"status":true}
------------------------
[SNIPER FINAL] 2026-07-08 06:11:14
1. KETEMU NAMA USER: 'Jeshh'
2. KETEMU WA (VIA USER): 087836416718
4. MENEMBAK KE NODE.JS: 6287836416718
5. BALASAN NODE.JS: {"status":true}
------------------------
[SNIPER FINAL] 2026-07-08 06:11:27
1. KETEMU NAMA USER: 'Nadila Nurfitrih'
2. KETEMU WA (VIA USER): 082347511293
4. MENEMBAK KE NODE.JS: 6282347511293
5. BALASAN NODE.JS: {"status":true}
------------------------
[SNIPER FINAL] 2026-07-08 06:16:24
1. KETEMU NAMA USER: 'Mawar Cell'
2. KETEMU WA (VIA USER): 277404052410434
4. MENEMBAK KE NODE.JS: 277404052410434
5. BALASAN NODE.JS: {"status":true}
------------------------
[SNIPER FINAL] 2026-07-08 06:25:46
1. KETEMU NAMA USER: 'Nadila Nurfitrih'
2. KETEMU WA (VIA USER): 082347511293
4. MENEMBAK KE NODE.JS: 6282347511293
5. BALASAN NODE.JS: {"status":true}
------------------------
[SNIPER FINAL] 2026-07-08 06:26:52
1. KETEMU NAMA USER: 'Mila Store'
2. KETEMU WA (VIA USER): 83004990951497
4. MENEMBAK KE NODE.JS: 83004990951497
5. BALASAN NODE.JS: {"status":true}
------------------------
[SNIPER FINAL] 2026-07-08 06:36:17
1. KETEMU NAMA USER: 'Mawar Cell'
2. KETEMU WA (VIA USER): 277404052410434
4. MENEMBAK KE NODE.JS: 277404052410434
5. BALASAN NODE.JS: {"status":true}
------------------------
[SNIPER FINAL] 2026-07-08 06:55:49
1. KETEMU NAMA USER: 'kecial kuning'
2. KETEMU WA (VIA USER): 65210505244804
4. MENEMBAK KE NODE.JS: 65210505244804
5. BALASAN NODE.JS: {"status":true}
------------------------
[SNIPER FINAL] 2026-07-08 08:59:04
1. KETEMU NAMA USER: 'Nadila Nurfitrih'
2. KETEMU WA (VIA USER): 082347511293
4. MENEMBAK KE NODE.JS: 6282347511293
5. BALASAN NODE.JS: {"status":true}
------------------------
[SNIPER FINAL] 2026-07-08 20:26:57
1. KETEMU NAMA USER: 'Panji Surya'
2. KETEMU WA (VIA USER): 156328790114431
4. MENEMBAK KE NODE.JS: 156328790114431
5. BALASAN NODE.JS: {"status":true}
------------------------
[SNIPER FINAL] 2026-07-09 06:01:07
1. KETEMU NAMA USER: 'Mawar Cell'
2. KETEMU WA (VIA USER): 277404052410434
4. MENEMBAK KE NODE.JS: 277404052410434
5. BALASAN NODE.JS: {"status":true}
------------------------
[SNIPER FINAL] 2026-07-09 06:06:33
1. KETEMU NAMA USER: 'Mila Store'
2. KETEMU WA (VIA USER): 83004990951497
4. MENEMBAK KE NODE.JS: 83004990951497
5. BALASAN NODE.JS: {"status":true}
------------------------
[SNIPER FINAL] 2026-07-09 06:10:56
1. KETEMU NAMA USER: 'Sihas Cell'
2. KETEMU WA (VIA USER): 116814688301066
4. MENEMBAK KE NODE.JS: 116814688301066
5. BALASAN NODE.JS: {"status":true}
------------------------
[SNIPER FINAL] 2026-07-09 06:49:59
1. KETEMU NAMA USER: 'Mawar Cell'
2. KETEMU WA (VIA USER): 277404052410434
4. MENEMBAK KE NODE.JS: 277404052410434
5. BALASAN NODE.JS: {"status":true}
------------------------
[SNIPER FINAL] 2026-07-09 08:06:59
1. KETEMU NAMA USER: 'yuliyanto uzumaki'
2. KETEMU WA (VIA USER): 
------------------------
[SNIPER FINAL] 2026-07-09 08:29:33
1. KETEMU NAMA USER: 'Mila Store'
2. KETEMU WA (VIA USER): 83004990951497
4. MENEMBAK KE NODE.JS: 83004990951497
5. BALASAN NODE.JS: {"status":true}
------------------------
[SNIPER FINAL] 2026-07-09 08:30:16
1. KETEMU NAMA USER: 'kecial kuning'
2. KETEMU WA (VIA USER): 65210505244804
4. MENEMBAK KE NODE.JS: 65210505244804
5. BALASAN NODE.JS: {"status":true}
------------------------
[SNIPER FINAL] 2026-07-09 08:30:44
1. KETEMU NAMA USER: 'kecial kuning'
2. KETEMU WA (VIA USER): 65210505244804
4. MENEMBAK KE NODE.JS: 65210505244804
5. BALASAN NODE.JS: {"status":true}
------------------------
[SNIPER FINAL] 2026-07-09 09:00:55
1. KETEMU NAMA USER: 'Mawar Cell'
2. KETEMU WA (VIA USER): 277404052410434
4. MENEMBAK KE NODE.JS: 277404052410434
5. BALASAN NODE.JS: {"status":true}
------------------------
[SNIPER FINAL] 2026-07-09 09:34:21
1. KETEMU NAMA USER: 'Nadila Nurfitrih'
2. KETEMU WA (VIA USER): 082347511293
4. MENEMBAK KE NODE.JS: 6282347511293
5. BALASAN NODE.JS: {"status":true}
------------------------
[SNIPER FINAL] 2026-07-09 14:24:39
1. KETEMU NAMA USER: 'Jeshh'
2. KETEMU WA (VIA USER): 087836416718
4. MENEMBAK KE NODE.JS: 6287836416718
5. BALASAN NODE.JS: {"status":true}
------------------------
[SNIPER FINAL] 2026-07-10 05:40:50
1. KETEMU NAMA USER: 'Amdk'
2. KETEMU WA (VIA USER): 225804080390368
4. MENEMBAK KE NODE.JS: 225804080390368
5. BALASAN NODE.JS: {"status":true}
------------------------
[SNIPER FINAL] 2026-07-10 06:01:04
1. KETEMU NAMA USER: 'Mawar Cell'
2. KETEMU WA (VIA USER): 277404052410434
4. MENEMBAK KE NODE.JS: 277404052410434
5. BALASAN NODE.JS: {"status":true}
------------------------
[SNIPER FINAL] 2026-07-10 06:01:37
1. KETEMU NAMA USER: 'Mawar Cell'
2. KETEMU WA (VIA USER): 277404052410434
4. MENEMBAK KE NODE.JS: 277404052410434
5. BALASAN NODE.JS: {"status":true}
------------------------
[SNIPER FINAL] 2026-07-10 06:03:55
1. KETEMU NAMA USER: 'Mawar Cell'
2. KETEMU WA (VIA USER): 277404052410434
4. MENEMBAK KE NODE.JS: 277404052410434
5. BALASAN NODE.JS: {"status":true}
------------------------
[SNIPER FINAL] 2026-07-10 06:05:28
1. KETEMU NAMA USER: 'Mawar Cell'
2. KETEMU WA (VIA USER): 277404052410434
4. MENEMBAK KE NODE.JS: 277404052410434
5. BALASAN NODE.JS: {"status":true}
------------------------
[SNIPER FINAL] 2026-07-10 06:43:21
1. KETEMU NAMA USER: 'Amdk'
2. KETEMU WA (VIA USER): 225804080390368
4. MENEMBAK KE NODE.JS: 225804080390368
5. BALASAN NODE.JS: {"status":true}
------------------------
[SNIPER FINAL] 2026-07-10 07:20:28
1. KETEMU NAMA USER: 'Jeshh'
2. KETEMU WA (VIA USER): 087836416718
4. MENEMBAK KE NODE.JS: 6287836416718
5. BALASAN NODE.JS: {"status":true}
------------------------
[SNIPER FINAL] 2026-07-10 07:20:30
1. KETEMU NAMA USER: 'Rimo Service HP'
2. KETEMU WA (VIA USER): 142451549446184
4. MENEMBAK KE NODE.JS: 142451549446184
5. BALASAN NODE.JS: {"status":true}
------------------------
[SNIPER FINAL] 2026-07-10 12:40:13
1. KETEMU NAMA USER: 'Mawar Cell'
2. KETEMU WA (VIA USER): 277404052410434
4. MENEMBAK KE NODE.JS: 277404052410434
5. BALASAN NODE.JS: {"status":true}
------------------------
